;Oslo Tube and Tram
# T-bane (Underground)
:1:#009CDC
Frognerseteren
Volksenkollen
Lillevann
Skogen
Voksenlia
Holmenkollen
Besserud
Midtstuen
Skådalen
Vettakollen>Gråkammen
<Gulleråsen
<Gråkammen
Slemdal
Ris
Gaustad
Vinderen
Steinerud
Frøen
Majorstuen
Nationaltheatret
Stortinget
Jernbanetorget
Grønland
Tøyen
Ensjø
Helsfyr
Brynseng
Høyenhall
Manglerud
Ryen
Brattlikollen
Karlsrud
Lambertseter
Munkelia
Bergkrystallen
# T-bane (Underground)
:2:#EA5A0B
Østerås
Lijordet
Eiksmarka
Ekraveien
Røa
Hovseter
Holmen
Makrellbekken
Smestad
Borgen
Majorstuen
Nationaltheatret
Stortinget
Jernbanetorget
Grønland
Tøyen
Ensjø
Helsfyr
Brynseng
Hellerud
Tveita
Haugerud
Trosterud
Lindeberg
Furuset
Ellingsrudåsen
# T-bane (Underground)
:3:#A762A4
Kolsås
Hauger
Gjettum
Avløs
Haslum
Gjønnes
Bekkestua
Ringstabekk
Jar
Bjørnsletta
Åsjordet
Ullernåsen
Montebello
Smestad
Borgen
Majorstuen
Nationaltheatret
Stortinget
Jernbanetorget
Grønland
Tøyen
Ensjø
Helsfyr
Brynseng
Hellerud
Godlia
Skøyenåsen
Oppsal
Ulsrud
Bøler
Bogerud
Skullerud
Mortensrud
# T-bane (Underground)
:4:#004899
Vestli
Stovner
Rommen
Romsås
Grorud
Ammerud
Kalbakken
Rødtved
Veitvet
Linderud
Vollebekk
Risløkka
Økern
Løren
Sinsen
Storo
Nydalen
Ullevål stadion
Forskningsparken
Blindern
Majorstuen
Nationaltheatret
Stortinget
Jernbanetorget
Grønland
Tøyen
Ensjø
Helsfyr
Brynseng
Høyenhall
Manglerud
Ryen
Brattlikollen
Karlsrud
Lambertseter
Munkelia
Bergkrystallen
# T-bane (Underground)
:5:#3AA935
Vestli
Stovner
Rommen
Romsås
Grorud
Ammerud
Kalbakken
Rødtved
Veitvet
Linderud
Vollebekk
Risløkka
Økern
Hasle
Carl Berners plass=Sinsen
Tøyen
Grønland
Jernbanetorget
Stortinget
Nationaltheatret
Majorstuen
Blindern
Forskningsparken
Ullevål stadion=Berg
Nydalen
Storo
Sinsen
!Berg
Tåsen
Østhorn
Holstein
Kringsjå
Sognsvann
# Trikk (Tram)
:12:#86499C
Kjelsås
Kjelsåsalléen
Grefsen stadion
Grefsen platået
Glads vei
Doktor Smiths vei
Disen
Storo
Grefsenveien
Sandaker senter
Torshov
Biermanns gate
Birkelunden
Olaf Ryes plass
Schous plass
Nybrua
Storgata
Jernbanetorget
Dronningens gate
Øvre Slottsgate
Kontraskjaeret
Aker brygge
Ruseløkka
Solli
Niels Juels gate
Lille Frogner allé
Elisenberg
Frogner plass
Vigelandsparken
Frogner stadion
Majorstuen
# Trikk (Tram)
:13:#00A1DF
Lilleaker
Sollerud
Furulund
Ullern
Abbediengen
Hoff
Skøyen
Thune
Nobels gate
Skarpsno
Skillebekk
Solli
Nationaltheatret
Øvre Slottsgate
Dronningens gate
Bjørvika
Middelalderparken
Oslo Hospital
Ekebergparken>Sportsplassen
<Jomfrubråten
<Sportsplassen
Holtet
Sørli
Kastellet
Bråten
Saeter
Ljabru
# Trikk (Tram)
:15:#F0679A
Kjelsås
Kjelsåsalléen
Grefsen stadion
Grefsen platået
Glads vei
Doktor Smiths vei
Disen
Storo
Grefsenveien
Sandaker senter
Torshov
Biermanns gate
Birkelunden
Olaf Ryes plass
Schous plass
Nybrua
Storgata
Jernbanetorget
Dronningens gate
Øvre Slottsgate
Nationaltheatret
Solli
Niels Juels gate
Lille Frogner allé
Elisenberg
Frogner plass
Vigelandsparken
Frogner stadion
Majorstuen
# Trikk (Tram)
:17:#ED1E2F
Gaustadalléen
Forskningsparken
Universitetet Blindern
John Colletts plass
Ullevål sykehus
Adamstuen
Stensgata
Bislett
Dalsbergstien>Welhavens gate
<Frydenlund
!Welhavens gate
>Holbergs plass>Frydenlund
Tullinløkka
Tinghuset
Stortorvet
Jernbanetorget
Storgata
Nybrua
Heimdalsgata
Lakkegata skole
Sofienberg
Carl Berners plass
Rosenhoff
Sinsenterrassen
Sinsenkrysset
Grefsen stasjon
# Trikk (Tram)
:18:#FCAF19
Gaustadalléen
Forskningsparken
Universitetet Blindern
John Colletts plass
Ullevål sykehus
Adamstuen
Stensgata
Bislett
Dalsbergstien>Welhavens gate
<Frydenlund
!Welhavens gate
>Holbergs plass>Frydenlund
Tullinløkka
Tinghuset
Stortorvet
Jernbanetorget
Storgata
Nybrua
Schous plass
Olaf Ryes plass
Birkelunden
Biermanns gate
Torshov
Sandaker senter
Grefsenveien
Storo
Grefsen stasjon
# Trikk (Tram)
:19:#4BB747
Majorstuen
Bogstadveien
Homansbyen>Holbergs plass
<Welhavens gate
<Frydenlund
<Holbergs plass
Tullinløkka
Tinghuset
Stortorvet
Jernbanetorget
Bjørvika
Middelalderparken
Oslo Hospital
Ekebergparken>Sportsplassen
<Jomfrubråten
<Sportsplassen
Holtet
Sørli
Kastellet
Bråten
Saeter
Ljabru
